// Jest Snapshot v1, https://goo.gl/fbAQLP

exports[`if matches snapshot with all lights on 1`] = `
<DocumentFragment>
  <div
    class="Board"
    data-testid="board"
  >
    <table>
      <tbody>
        <tr>
          <td
            class="Cell Cell-lit"
            data-testid="0-0"
          />
          <td
            class="Cell Cell-lit"
            data-testid="0-1"
          />
          <td
            class="Cell Cell-lit"
            data-testid="0-2"
          />
          <td
            class="Cell Cell-lit"
            data-testid="0-3"
          />
          <td
            class="Cell Cell-lit"
            data-testid="0-4"
          />
        </tr>
        <tr>
          <td
            class="Cell Cell-lit"
            data-testid="1-0"
          />
          <td
            class="Cell Cell-lit"
            data-testid="1-1"
          />
          <td
            class="Cell Cell-lit"
            data-testid="1-2"
          />
          <td
            class="Cell Cell-lit"
            data-testid="1-3"
          />
          <td
            class="Cell Cell-lit"
            data-testid="1-4"
          />
        </tr>
        <tr>
          <td
            class="Cell Cell-lit"
            data-testid="2-0"
          />
          <td
            class="Cell Cell-lit"
            data-testid="2-1"
          />
          <td
            class="Cell Cell-lit"
            data-testid="2-2"
          />
          <td
            class="Cell Cell-lit"
            data-testid="2-3"
          />
          <td
            class="Cell Cell-lit"
            data-testid="2-4"
          />
        </tr>
      </tbody>
    </table>
  </div>
</DocumentFragment>
`;

exports[`if matches snapshot with no lights on 1`] = `
<DocumentFragment>
  <div
    class="Board-title"
  >
    You won!
  </div>
</DocumentFragment>
`;
